[train: 1, 50 / 937] FPS: 95.8 (478.4)  ,  DataTime: 0.251 (0.006)  ,  ForwardTime: 0.078  ,  TotalTime: 0.334  ,  Loss/total: 104.46440  ,  Loss/giou: 1.21242  ,  Loss/l1: 0.26339  ,  Loss/location: 100.62327  ,  pro_loss: 0.49685  ,  IoU: 0.08788
[train: 1, 100 / 937] FPS: 99.4 (486.6)  ,  DataTime: 0.248 (0.006)  ,  ForwardTime: 0.068  ,  TotalTime: 0.322  ,  Loss/total: 76.86334  ,  Loss/giou: 1.17889  ,  Loss/l1: 0.26670  ,  Loss/location: 73.07353  ,  pro_loss: 0.49257  ,  IoU: 0.08471
[train: 1, 150 / 937] FPS: 98.7 (32.7)  ,  DataTime: 0.254 (0.006)  ,  ForwardTime: 0.065  ,  TotalTime: 0.324  ,  Loss/total: 64.16487  ,  Loss/giou: 1.15857  ,  Loss/l1: 0.25856  ,  Loss/location: 60.45774  ,  pro_loss: 0.48584  ,  IoU: 0.08846
[train: 1, 200 / 937] FPS: 100.1 (472.3)  ,  DataTime: 0.251 (0.006)  ,  ForwardTime: 0.063  ,  TotalTime: 0.320  ,  Loss/total: 55.68818  ,  Loss/giou: 1.14048  ,  Loss/l1: 0.25289  ,  Loss/location: 52.04708  ,  pro_loss: 0.47855  ,  IoU: 0.09167
[train: 1, 250 / 937] FPS: 99.4 (30.8)  ,  DataTime: 0.254 (0.006)  ,  ForwardTime: 0.062  ,  TotalTime: 0.322  ,  Loss/total: 49.26166  ,  Loss/giou: 1.12056  ,  Loss/l1: 0.24625  ,  Loss/location: 45.69520  ,  pro_loss: 0.47049  ,  IoU: 0.09594
[train: 1, 300 / 937] FPS: 100.4 (483.5)  ,  DataTime: 0.252 (0.006)  ,  ForwardTime: 0.061  ,  TotalTime: 0.319  ,  Loss/total: 44.67044  ,  Loss/giou: 1.10663  ,  Loss/l1: 0.24080  ,  Loss/location: 41.16198  ,  pro_loss: 0.45613  ,  IoU: 0.09919
[train: 1, 350 / 937] FPS: 100.2 (53.4)  ,  DataTime: 0.253 (0.006)  ,  ForwardTime: 0.061  ,  TotalTime: 0.319  ,  Loss/total: 40.69896  ,  Loss/giou: 1.09770  ,  Loss/l1: 0.23679  ,  Loss/location: 37.23289  ,  pro_loss: 0.43374  ,  IoU: 0.10300
[train: 1, 400 / 937] FPS: 100.6 (472.4)  ,  DataTime: 0.252 (0.006)  ,  ForwardTime: 0.060  ,  TotalTime: 0.318  ,  Loss/total: 37.36298  ,  Loss/giou: 1.08647  ,  Loss/l1: 0.23255  ,  Loss/location: 33.94551  ,  pro_loss: 0.40881  ,  IoU: 0.10766
[train: 1, 450 / 937] FPS: 100.8 (77.7)  ,  DataTime: 0.252 (0.006)  ,  ForwardTime: 0.060  ,  TotalTime: 0.318  ,  Loss/total: 34.57436  ,  Loss/giou: 1.07695  ,  Loss/l1: 0.22816  ,  Loss/location: 31.20272  ,  pro_loss: 0.38465  ,  IoU: 0.11375
[train: 1, 500 / 937] FPS: 101.1 (492.3)  ,  DataTime: 0.251 (0.006)  ,  ForwardTime: 0.060  ,  TotalTime: 0.317  ,  Loss/total: 32.07230  ,  Loss/giou: 1.06485  ,  Loss/l1: 0.22303  ,  Loss/location: 28.75496  ,  pro_loss: 0.36250  ,  IoU: 0.12157
[train: 1, 550 / 937] FPS: 101.4 (474.5)  ,  DataTime: 0.251 (0.006)  ,  ForwardTime: 0.059  ,  TotalTime: 0.316  ,  Loss/total: 30.00378  ,  Loss/giou: 1.05068  ,  Loss/l1: 0.21729  ,  Loss/location: 26.74741  ,  pro_loss: 0.34283  ,  IoU: 0.13135
[train: 1, 600 / 937] FPS: 101.0 (492.9)  ,  DataTime: 0.252 (0.006)  ,  ForwardTime: 0.059  ,  TotalTime: 0.317  ,  Loss/total: 28.15364  ,  Loss/giou: 1.03634  ,  Loss/l1: 0.21175  ,  Loss/location: 24.95708  ,  pro_loss: 0.32565  ,  IoU: 0.14195
[train: 1, 650 / 937] FPS: 101.5 (488.3)  ,  DataTime: 0.251 (0.006)  ,  ForwardTime: 0.059  ,  TotalTime: 0.315  ,  Loss/total: 26.50092  ,  Loss/giou: 1.02151  ,  Loss/l1: 0.20602  ,  Loss/location: 23.36577  ,  pro_loss: 0.31014  ,  IoU: 0.15353
[train: 1, 700 / 937] FPS: 101.1 (489.8)  ,  DataTime: 0.252 (0.006)  ,  ForwardTime: 0.059  ,  TotalTime: 0.316  ,  Loss/total: 25.00883  ,  Loss/giou: 1.00763  ,  Loss/l1: 0.20057  ,  Loss/location: 21.93145  ,  pro_loss: 0.29634  ,  IoU: 0.16516
[train: 1, 750 / 937] FPS: 101.4 (410.4)  ,  DataTime: 0.251 (0.006)  ,  ForwardTime: 0.059  ,  TotalTime: 0.316  ,  Loss/total: 23.72146  ,  Loss/giou: 0.99473  ,  Loss/l1: 0.19549  ,  Loss/location: 20.69773  ,  pro_loss: 0.28397  ,  IoU: 0.17572
[train: 1, 800 / 937] FPS: 101.2 (495.0)  ,  DataTime: 0.252 (0.006)  ,  ForwardTime: 0.059  ,  TotalTime: 0.316  ,  Loss/total: 22.56494  ,  Loss/giou: 0.98103  ,  Loss/l1: 0.19040  ,  Loss/location: 19.59616  ,  pro_loss: 0.27368  ,  IoU: 0.18671
[train: 1, 850 / 937] FPS: 101.5 (477.9)  ,  DataTime: 0.251 (0.006)  ,  ForwardTime: 0.058  ,  TotalTime: 0.315  ,  Loss/total: 21.48841  ,  Loss/giou: 0.96761  ,  Loss/l1: 0.18550  ,  Loss/location: 18.57284  ,  pro_loss: 0.26429  ,  IoU: 0.19779
[train: 1, 900 / 937] FPS: 101.5 (485.5)  ,  DataTime: 0.251 (0.006)  ,  ForwardTime: 0.058  ,  TotalTime: 0.315  ,  Loss/total: 20.51512  ,  Loss/giou: 0.95449  ,  Loss/l1: 0.18090  ,  Loss/location: 17.65033  ,  pro_loss: 0.25641  ,  IoU: 0.20872
[train: 1, 937 / 937] FPS: 101.7 (482.6)  ,  DataTime: 0.251 (0.006)  ,  ForwardTime: 0.058  ,  TotalTime: 0.315  ,  Loss/total: 19.85463  ,  Loss/giou: 0.94473  ,  Loss/l1: 0.17754  ,  Loss/location: 17.02731  ,  pro_loss: 0.25075  ,  IoU: 0.21679
[train: 2, 50 / 937] FPS: 93.8 (489.8)  ,  DataTime: 0.279 (0.006)  ,  ForwardTime: 0.057  ,  TotalTime: 0.341  ,  Loss/total: 3.64507  ,  Loss/giou: 0.70744  ,  Loss/l1: 0.10067  ,  Loss/location: 1.70469  ,  pro_loss: 0.11077  ,  IoU: 0.41206
[train: 2, 100 / 937] FPS: 97.1 (495.1)  ,  DataTime: 0.267 (0.006)  ,  ForwardTime: 0.057  ,  TotalTime: 0.330  ,  Loss/total: 3.64626  ,  Loss/giou: 0.70003  ,  Loss/l1: 0.09900  ,  Loss/location: 1.72986  ,  pro_loss: 0.10679  ,  IoU: 0.41538
[train: 2, 150 / 937] FPS: 98.8 (491.5)  ,  DataTime: 0.262 (0.006)  ,  ForwardTime: 0.057  ,  TotalTime: 0.324  ,  Loss/total: 3.54966  ,  Loss/giou: 0.68750  ,  Loss/l1: 0.09667  ,  Loss/location: 1.66913  ,  pro_loss: 0.11086  ,  IoU: 0.42454
[train: 2, 200 / 937] FPS: 100.4 (486.9)  ,  DataTime: 0.257 (0.006)  ,  ForwardTime: 0.057  ,  TotalTime: 0.319  ,  Loss/total: 3.46241  ,  Loss/giou: 0.67737  ,  Loss/l1: 0.09452  ,  Loss/location: 1.61298  ,  pro_loss: 0.11055  ,  IoU: 0.43161
[train: 2, 250 / 937] FPS: 100.3 (132.4)  ,  DataTime: 0.257 (0.006)  ,  ForwardTime: 0.057  ,  TotalTime: 0.319  ,  Loss/total: 3.41568  ,  Loss/giou: 0.67430  ,  Loss/l1: 0.09392  ,  Loss/location: 1.57534  ,  pro_loss: 0.11059  ,  IoU: 0.43376
[train: 2, 300 / 937] FPS: 100.6 (490.8)  ,  DataTime: 0.256 (0.006)  ,  ForwardTime: 0.057  ,  TotalTime: 0.318  ,  Loss/total: 3.37536  ,  Loss/giou: 0.66975  ,  Loss/l1: 0.09305  ,  Loss/location: 1.54848  ,  pro_loss: 0.11051  ,  IoU: 0.43732
[train: 2, 350 / 937] FPS: 100.0 (29.1)  ,  DataTime: 0.258 (0.006)  ,  ForwardTime: 0.057  ,  TotalTime: 0.320  ,  Loss/total: 3.30723  ,  Loss/giou: 0.66074  ,  Loss/l1: 0.09098  ,  Loss/location: 1.50860  ,  pro_loss: 0.11118  ,  IoU: 0.44391
[train: 2, 400 / 937] FPS: 100.0 (487.9)  ,  DataTime: 0.257 (0.006)  ,  ForwardTime: 0.057  ,  TotalTime: 0.320  ,  Loss/total: 3.25935  ,  Loss/giou: 0.65487  ,  Loss/l1: 0.08984  ,  Loss/location: 1.47810  ,  pro_loss: 0.11173  ,  IoU: 0.44876
[train: 2, 450 / 937] FPS: 99.9 (32.2)  ,  DataTime: 0.258 (0.006)  ,  ForwardTime: 0.057  ,  TotalTime: 0.320  ,  Loss/total: 3.20909  ,  Loss/giou: 0.64894  ,  Loss/l1: 0.08859  ,  Loss/location: 1.44602  ,  pro_loss: 0.11131  ,  IoU: 0.45354
[train: 2, 500 / 937] FPS: 100.1 (492.7)  ,  DataTime: 0.257 (0.006)  ,  ForwardTime: 0.057  ,  TotalTime: 0.320  ,  Loss/total: 3.16287  ,  Loss/giou: 0.64289  ,  Loss/l1: 0.08733  ,  Loss/location: 1.41803  ,  pro_loss: 0.11202  ,  IoU: 0.45812
[train: 2, 550 / 937] FPS: 100.1 (31.5)  ,  DataTime: 0.257 (0.006)  ,  ForwardTime: 0.057  ,  TotalTime: 0.320  ,  Loss/total: 3.10765  ,  Loss/giou: 0.63418  ,  Loss/l1: 0.08549  ,  Loss/location: 1.38944  ,  pro_loss: 0.11209  ,  IoU: 0.46478
[train: 2, 600 / 937] FPS: 100.5 (491.1)  ,  DataTime: 0.256 (0.006)  ,  ForwardTime: 0.057  ,  TotalTime: 0.318  ,  Loss/total: 3.07656  ,  Loss/giou: 0.62988  ,  Loss/l1: 0.08459  ,  Loss/location: 1.37139  ,  pro_loss: 0.11227  ,  IoU: 0.46829
[train: 2, 650 / 937] FPS: 100.3 (31.9)  ,  DataTime: 0.257 (0.006)  ,  ForwardTime: 0.057  ,  TotalTime: 0.319  ,  Loss/total: 3.03223  ,  Loss/giou: 0.62314  ,  Loss/l1: 0.08331  ,  Loss/location: 1.34694  ,  pro_loss: 0.11235  ,  IoU: 0.47366
[train: 2, 700 / 937] FPS: 100.5 (486.4)  ,  DataTime: 0.256 (0.006)  ,  ForwardTime: 0.057  ,  TotalTime: 0.318  ,  Loss/total: 3.00197  ,  Loss/giou: 0.61869  ,  Loss/l1: 0.08250  ,  Loss/location: 1.32967  ,  pro_loss: 0.11223  ,  IoU: 0.47752
[train: 2, 750 / 937] FPS: 100.5 (32.9)  ,  DataTime: 0.256 (0.006)  ,  ForwardTime: 0.057  ,  TotalTime: 0.319  ,  Loss/total: 2.96668  ,  Loss/giou: 0.61379  ,  Loss/l1: 0.08153  ,  Loss/location: 1.30906  ,  pro_loss: 0.11186  ,  IoU: 0.48140
[train: 2, 800 / 937] FPS: 100.7 (479.3)  ,  DataTime: 0.255 (0.006)  ,  ForwardTime: 0.057  ,  TotalTime: 0.318  ,  Loss/total: 2.93313  ,  Loss/giou: 0.60907  ,  Loss/l1: 0.08060  ,  Loss/location: 1.28962  ,  pro_loss: 0.11178  ,  IoU: 0.48520
[train: 2, 850 / 937] FPS: 100.4 (27.9)  ,  DataTime: 0.256 (0.006)  ,  ForwardTime: 0.057  ,  TotalTime: 0.319  ,  Loss/total: 2.89580  ,  Loss/giou: 0.60337  ,  Loss/l1: 0.07949  ,  Loss/location: 1.26923  ,  pro_loss: 0.11185  ,  IoU: 0.48971
[train: 2, 900 / 937] FPS: 100.7 (134.3)  ,  DataTime: 0.255 (0.006)  ,  ForwardTime: 0.057  ,  TotalTime: 0.318  ,  Loss/total: 2.86523  ,  Loss/giou: 0.59842  ,  Loss/l1: 0.07850  ,  Loss/location: 1.25359  ,  pro_loss: 0.11144  ,  IoU: 0.49355
[train: 2, 937 / 937] FPS: 101.0 (499.7)  ,  DataTime: 0.254 (0.006)  ,  ForwardTime: 0.057  ,  TotalTime: 0.317  ,  Loss/total: 2.84055  ,  Loss/giou: 0.59443  ,  Loss/l1: 0.07771  ,  Loss/location: 1.24088  ,  pro_loss: 0.11147  ,  IoU: 0.49666
[train: 3, 50 / 937] FPS: 94.2 (496.8)  ,  DataTime: 0.277 (0.006)  ,  ForwardTime: 0.057  ,  TotalTime: 0.340  ,  Loss/total: 2.31251  ,  Loss/giou: 0.51040  ,  Loss/l1: 0.06222  ,  Loss/location: 0.95937  ,  pro_loss: 0.10606  ,  IoU: 0.56457
[train: 3, 100 / 937] FPS: 100.4 (444.4)  ,  DataTime: 0.256 (0.006)  ,  ForwardTime: 0.057  ,  TotalTime: 0.319  ,  Loss/total: 2.27945  ,  Loss/giou: 0.50766  ,  Loss/l1: 0.06132  ,  Loss/location: 0.93668  ,  pro_loss: 0.10429  ,  IoU: 0.56721
[train: 3, 150 / 937] FPS: 101.0 (485.7)  ,  DataTime: 0.255 (0.006)  ,  ForwardTime: 0.057  ,  TotalTime: 0.317  ,  Loss/total: 2.26738  ,  Loss/giou: 0.50600  ,  Loss/l1: 0.06078  ,  Loss/location: 0.92964  ,  pro_loss: 0.10920  ,  IoU: 0.56809
[train: 3, 200 / 937] FPS: 101.2 (71.6)  ,  DataTime: 0.254 (0.006)  ,  ForwardTime: 0.057  ,  TotalTime: 0.316  ,  Loss/total: 2.21692  ,  Loss/giou: 0.49559  ,  Loss/l1: 0.05877  ,  Loss/location: 0.91030  ,  pro_loss: 0.10785  ,  IoU: 0.57531
[train: 3, 250 / 937] FPS: 100.5 (31.9)  ,  DataTime: 0.256 (0.006)  ,  ForwardTime: 0.057  ,  TotalTime: 0.318  ,  Loss/total: 2.20168  ,  Loss/giou: 0.49285  ,  Loss/l1: 0.05822  ,  Loss/location: 0.90319  ,  pro_loss: 0.10836  ,  IoU: 0.57702
[train: 3, 300 / 937] FPS: 101.3 (484.9)  ,  DataTime: 0.254 (0.006)  ,  ForwardTime: 0.057  ,  TotalTime: 0.316  ,  Loss/total: 2.18418  ,  Loss/giou: 0.48999  ,  Loss/l1: 0.05785  ,  Loss/location: 0.89308  ,  pro_loss: 0.10939  ,  IoU: 0.57934
[train: 3, 350 / 937] FPS: 100.5 (36.7)  ,  DataTime: 0.256 (0.006)  ,  ForwardTime: 0.057  ,  TotalTime: 0.318  ,  Loss/total: 2.15728  ,  Loss/giou: 0.48547  ,  Loss/l1: 0.05702  ,  Loss/location: 0.87919  ,  pro_loss: 0.11021  ,  IoU: 0.58285
[train: 3, 400 / 937] FPS: 100.2 (486.6)  ,  DataTime: 0.257 (0.006)  ,  ForwardTime: 0.057  ,  TotalTime: 0.319  ,  Loss/total: 2.13521  ,  Loss/giou: 0.48038  ,  Loss/l1: 0.05604  ,  Loss/location: 0.87240  ,  pro_loss: 0.10935  ,  IoU: 0.58647
[train: 3, 450 / 937] FPS: 99.9 (27.1)  ,  DataTime: 0.258 (0.006)  ,  ForwardTime: 0.057  ,  TotalTime: 0.320  ,  Loss/total: 2.11731  ,  Loss/giou: 0.47625  ,  Loss/l1: 0.05524  ,  Loss/location: 0.86677  ,  pro_loss: 0.10926  ,  IoU: 0.58946
[train: 3, 500 / 937] FPS: 100.4 (488.3)  ,  DataTime: 0.256 (0.006)  ,  ForwardTime: 0.057  ,  TotalTime: 0.319  ,  Loss/total: 2.10807  ,  Loss/giou: 0.47384  ,  Loss/l1: 0.05481  ,  Loss/location: 0.86466  ,  pro_loss: 0.10853  ,  IoU: 0.59133
[train: 3, 550 / 937] FPS: 100.3 (34.6)  ,  DataTime: 0.257 (0.006)  ,  ForwardTime: 0.057  ,  TotalTime: 0.319  ,  Loss/total: 2.09308  ,  Loss/giou: 0.47065  ,  Loss/l1: 0.05429  ,  Loss/location: 0.85862  ,  pro_loss: 0.10851  ,  IoU: 0.59379
[train: 3, 600 / 937] FPS: 100.7 (484.7)  ,  DataTime: 0.255 (0.006)  ,  ForwardTime: 0.057  ,  TotalTime: 0.318  ,  Loss/total: 2.07824  ,  Loss/giou: 0.46797  ,  Loss/l1: 0.05384  ,  Loss/location: 0.85135  ,  pro_loss: 0.10876  ,  IoU: 0.59580
[train: 3, 650 / 937] FPS: 100.8 (34.5)  ,  DataTime: 0.255 (0.006)  ,  ForwardTime: 0.057  ,  TotalTime: 0.318  ,  Loss/total: 2.06735  ,  Loss/giou: 0.46619  ,  Loss/l1: 0.05356  ,  Loss/location: 0.84548  ,  pro_loss: 0.10848  ,  IoU: 0.59729
[train: 3, 700 / 937] FPS: 101.0 (493.5)  ,  DataTime: 0.254 (0.006)  ,  ForwardTime: 0.057  ,  TotalTime: 0.317  ,  Loss/total: 2.06032  ,  Loss/giou: 0.46529  ,  Loss/l1: 0.05340  ,  Loss/location: 0.84106  ,  pro_loss: 0.10851  ,  IoU: 0.59811
[train: 3, 750 / 937] FPS: 101.1 (467.9)  ,  DataTime: 0.254 (0.006)  ,  ForwardTime: 0.057  ,  TotalTime: 0.316  ,  Loss/total: 2.04763  ,  Loss/giou: 0.46303  ,  Loss/l1: 0.05298  ,  Loss/location: 0.83500  ,  pro_loss: 0.10839  ,  IoU: 0.59989
[train: 3, 800 / 937] FPS: 100.9 (486.5)  ,  DataTime: 0.255 (0.006)  ,  ForwardTime: 0.057  ,  TotalTime: 0.317  ,  Loss/total: 2.03453  ,  Loss/giou: 0.46046  ,  Loss/l1: 0.05253  ,  Loss/location: 0.82929  ,  pro_loss: 0.10839  ,  IoU: 0.60188
[train: 3, 850 / 937] FPS: 101.0 (55.7)  ,  DataTime: 0.254 (0.006)  ,  ForwardTime: 0.057  ,  TotalTime: 0.317  ,  Loss/total: 2.02409  ,  Loss/giou: 0.45871  ,  Loss/l1: 0.05225  ,  Loss/location: 0.82388  ,  pro_loss: 0.10781  ,  IoU: 0.60338
[train: 3, 900 / 937] FPS: 101.2 (354.4)  ,  DataTime: 0.254 (0.006)  ,  ForwardTime: 0.057  ,  TotalTime: 0.316  ,  Loss/total: 2.00812  ,  Loss/giou: 0.45529  ,  Loss/l1: 0.05161  ,  Loss/location: 0.81793  ,  pro_loss: 0.10768  ,  IoU: 0.60589
[train: 3, 937 / 937] FPS: 101.2 (108.2)  ,  DataTime: 0.253 (0.006)  ,  ForwardTime: 0.057  ,  TotalTime: 0.316  ,  Loss/total: 1.99676  ,  Loss/giou: 0.45308  ,  Loss/l1: 0.05118  ,  Loss/location: 0.81320  ,  pro_loss: 0.10744  ,  IoU: 0.60747
[train: 4, 50 / 937] FPS: 91.3 (481.8)  ,  DataTime: 0.287 (0.006)  ,  ForwardTime: 0.057  ,  TotalTime: 0.351  ,  Loss/total: 1.80697  ,  Loss/giou: 0.41772  ,  Loss/l1: 0.04576  ,  Loss/location: 0.72065  ,  pro_loss: 0.11047  ,  IoU: 0.63590
[train: 4, 100 / 937] FPS: 97.9 (485.4)  ,  DataTime: 0.264 (0.006)  ,  ForwardTime: 0.057  ,  TotalTime: 0.327  ,  Loss/total: 1.76712  ,  Loss/giou: 0.40693  ,  Loss/l1: 0.04332  ,  Loss/location: 0.71486  ,  pro_loss: 0.10908  ,  IoU: 0.64204
[train: 4, 150 / 937] FPS: 98.8 (473.9)  ,  DataTime: 0.261 (0.006)  ,  ForwardTime: 0.057  ,  TotalTime: 0.324  ,  Loss/total: 1.76464  ,  Loss/giou: 0.40787  ,  Loss/l1: 0.04358  ,  Loss/location: 0.70946  ,  pro_loss: 0.10777  ,  IoU: 0.64224
[train: 4, 200 / 937] FPS: 99.9 (489.5)  ,  DataTime: 0.257 (0.006)  ,  ForwardTime: 0.057  ,  TotalTime: 0.320  ,  Loss/total: 1.75957  ,  Loss/giou: 0.40757  ,  Loss/l1: 0.04345  ,  Loss/location: 0.70629  ,  pro_loss: 0.10448  ,  IoU: 0.64244
[train: 4, 250 / 937] FPS: 99.9 (482.4)  ,  DataTime: 0.258 (0.006)  ,  ForwardTime: 0.057  ,  TotalTime: 0.320  ,  Loss/total: 1.74895  ,  Loss/giou: 0.40573  ,  Loss/l1: 0.04318  ,  Loss/location: 0.70065  ,  pro_loss: 0.10482  ,  IoU: 0.64367
[train: 4, 300 / 937] FPS: 99.7 (491.1)  ,  DataTime: 0.258 (0.006)  ,  ForwardTime: 0.057  ,  TotalTime: 0.321  ,  Loss/total: 1.73731  ,  Loss/giou: 0.40364  ,  Loss/l1: 0.04300  ,  Loss/location: 0.69441  ,  pro_loss: 0.10329  ,  IoU: 0.64557
[train: 4, 350 / 937] FPS: 100.3 (486.7)  ,  DataTime: 0.257 (0.006)  ,  ForwardTime: 0.057  ,  TotalTime: 0.319  ,  Loss/total: 1.72283  ,  Loss/giou: 0.40094  ,  Loss/l1: 0.04247  ,  Loss/location: 0.68798  ,  pro_loss: 0.10307  ,  IoU: 0.64762
[train: 4, 400 / 937] FPS: 100.1 (486.0)  ,  DataTime: 0.257 (0.006)  ,  ForwardTime: 0.057  ,  TotalTime: 0.320  ,  Loss/total: 1.72126  ,  Loss/giou: 0.40086  ,  Loss/l1: 0.04253  ,  Loss/location: 0.68641  ,  pro_loss: 0.10238  ,  IoU: 0.64792
[train: 4, 450 / 937] FPS: 100.6 (494.7)  ,  DataTime: 0.256 (0.006)  ,  ForwardTime: 0.057  ,  TotalTime: 0.318  ,  Loss/total: 1.70972  ,  Loss/giou: 0.39796  ,  Loss/l1: 0.04206  ,  Loss/location: 0.68311  ,  pro_loss: 0.10184  ,  IoU: 0.65007
[train: 4, 500 / 937] FPS: 100.6 (497.5)  ,  DataTime: 0.256 (0.006)  ,  ForwardTime: 0.057  ,  TotalTime: 0.318  ,  Loss/total: 1.69755  ,  Loss/giou: 0.39486  ,  Loss/l1: 0.04148  ,  Loss/location: 0.68021  ,  pro_loss: 0.10110  ,  IoU: 0.65215
[train: 4, 550 / 937] FPS: 100.9 (490.6)  ,  DataTime: 0.255 (0.006)  ,  ForwardTime: 0.057  ,  TotalTime: 0.317  ,  Loss/total: 1.68153  ,  Loss/giou: 0.39126  ,  Loss/l1: 0.04085  ,  Loss/location: 0.67461  ,  pro_loss: 0.10068  ,  IoU: 0.65469
[train: 4, 600 / 937] FPS: 100.6 (501.1)  ,  DataTime: 0.256 (0.006)  ,  ForwardTime: 0.057  ,  TotalTime: 0.318  ,  Loss/total: 1.68043  ,  Loss/giou: 0.39131  ,  Loss/l1: 0.04083  ,  Loss/location: 0.67366  ,  pro_loss: 0.10009  ,  IoU: 0.65459
[train: 4, 650 / 937] FPS: 101.1 (497.1)  ,  DataTime: 0.254 (0.006)  ,  ForwardTime: 0.057  ,  TotalTime: 0.316  ,  Loss/total: 1.67167  ,  Loss/giou: 0.38952  ,  Loss/l1: 0.04057  ,  Loss/location: 0.66971  ,  pro_loss: 0.10020  ,  IoU: 0.65605
[train: 4, 700 / 937] FPS: 101.2 (486.9)  ,  DataTime: 0.254 (0.006)  ,  ForwardTime: 0.057  ,  TotalTime: 0.316  ,  Loss/total: 1.66468  ,  Loss/giou: 0.38800  ,  Loss/l1: 0.04034  ,  Loss/location: 0.66689  ,  pro_loss: 0.10052  ,  IoU: 0.65722
[train: 4, 750 / 937] FPS: 101.5 (497.0)  ,  DataTime: 0.253 (0.006)  ,  ForwardTime: 0.057  ,  TotalTime: 0.315  ,  Loss/total: 1.66057  ,  Loss/giou: 0.38768  ,  Loss/l1: 0.04025  ,  Loss/location: 0.66393  ,  pro_loss: 0.10017  ,  IoU: 0.65741
[train: 1, 50 / 625] FPS: 89.6 (508.2)  ,  DataTime: 0.282 (0.006)  ,  ForwardTime: 0.070  ,  TotalTime: 0.357  ,  Loss/total: 0.67453  ,  Loss/giou: 0.17154  ,  Loss/l1: 0.01386  ,  Loss/location: 0.23665  ,  pro_loss: 0.12750  ,  IoU: 0.83920
[train: 1, 100 / 625] FPS: 96.1 (495.2)  ,  DataTime: 0.265 (0.006)  ,  ForwardTime: 0.062  ,  TotalTime: 0.333  ,  Loss/total: 0.67149  ,  Loss/giou: 0.17006  ,  Loss/l1: 0.01374  ,  Loss/location: 0.23576  ,  pro_loss: 0.13458  ,  IoU: 0.84088
[train: 1, 150 / 625] FPS: 95.6 (511.3)  ,  DataTime: 0.269 (0.006)  ,  ForwardTime: 0.060  ,  TotalTime: 0.335  ,  Loss/total: 0.67545  ,  Loss/giou: 0.17033  ,  Loss/l1: 0.01368  ,  Loss/location: 0.23938  ,  pro_loss: 0.13493  ,  IoU: 0.84041
[train: 1, 200 / 625] FPS: 98.4 (502.6)  ,  DataTime: 0.261 (0.006)  ,  ForwardTime: 0.058  ,  TotalTime: 0.325  ,  Loss/total: 0.67161  ,  Loss/giou: 0.16936  ,  Loss/l1: 0.01361  ,  Loss/location: 0.23866  ,  pro_loss: 0.13094  ,  IoU: 0.84123
[train: 1, 250 / 625] FPS: 97.6 (30.1)  ,  DataTime: 0.264 (0.006)  ,  ForwardTime: 0.058  ,  TotalTime: 0.328  ,  Loss/total: 0.66732  ,  Loss/giou: 0.16838  ,  Loss/l1: 0.01357  ,  Loss/location: 0.23637  ,  pro_loss: 0.13167  ,  IoU: 0.84218
[train: 1, 300 / 625] FPS: 98.7 (503.0)  ,  DataTime: 0.261 (0.006)  ,  ForwardTime: 0.057  ,  TotalTime: 0.324  ,  Loss/total: 0.66214  ,  Loss/giou: 0.16673  ,  Loss/l1: 0.01334  ,  Loss/location: 0.23555  ,  pro_loss: 0.13198  ,  IoU: 0.84333
[train: 1, 350 / 625] FPS: 98.6 (361.1)  ,  DataTime: 0.262 (0.006)  ,  ForwardTime: 0.057  ,  TotalTime: 0.325  ,  Loss/total: 0.65845  ,  Loss/giou: 0.16537  ,  Loss/l1: 0.01320  ,  Loss/location: 0.23514  ,  pro_loss: 0.13295  ,  IoU: 0.84437
[train: 1, 400 / 625] FPS: 99.6 (502.4)  ,  DataTime: 0.259 (0.006)  ,  ForwardTime: 0.056  ,  TotalTime: 0.321  ,  Loss/total: 0.65603  ,  Loss/giou: 0.16446  ,  Loss/l1: 0.01305  ,  Loss/location: 0.23521  ,  pro_loss: 0.13336  ,  IoU: 0.84505
[train: 1, 450 / 625] FPS: 98.8 (33.8)  ,  DataTime: 0.262 (0.006)  ,  ForwardTime: 0.056  ,  TotalTime: 0.324  ,  Loss/total: 0.65251  ,  Loss/giou: 0.16340  ,  Loss/l1: 0.01292  ,  Loss/location: 0.23416  ,  pro_loss: 0.13484  ,  IoU: 0.84591
[train: 1, 500 / 625] FPS: 99.3 (504.7)  ,  DataTime: 0.261 (0.006)  ,  ForwardTime: 0.056  ,  TotalTime: 0.322  ,  Loss/total: 0.64989  ,  Loss/giou: 0.16286  ,  Loss/l1: 0.01285  ,  Loss/location: 0.23275  ,  pro_loss: 0.13575  ,  IoU: 0.84636
[train: 1, 550 / 625] FPS: 99.6 (31.4)  ,  DataTime: 0.260 (0.006)  ,  ForwardTime: 0.056  ,  TotalTime: 0.321  ,  Loss/total: 0.64929  ,  Loss/giou: 0.16268  ,  Loss/l1: 0.01284  ,  Loss/location: 0.23257  ,  pro_loss: 0.13581  ,  IoU: 0.84659
[train: 1, 600 / 625] FPS: 99.9 (502.4)  ,  DataTime: 0.259 (0.006)  ,  ForwardTime: 0.056  ,  TotalTime: 0.320  ,  Loss/total: 0.64995  ,  Loss/giou: 0.16281  ,  Loss/l1: 0.01290  ,  Loss/location: 0.23266  ,  pro_loss: 0.13594  ,  IoU: 0.84654
[train: 1, 625 / 625] FPS: 100.4 (521.1)  ,  DataTime: 0.257 (0.006)  ,  ForwardTime: 0.056  ,  TotalTime: 0.319  ,  Loss/total: 0.64990  ,  Loss/giou: 0.16268  ,  Loss/l1: 0.01290  ,  Loss/location: 0.23276  ,  pro_loss: 0.13642  ,  IoU: 0.84665
[train: 2, 50 / 625] FPS: 93.3 (514.5)  ,  DataTime: 0.283 (0.006)  ,  ForwardTime: 0.055  ,  TotalTime: 0.343  ,  Loss/total: 0.65352  ,  Loss/giou: 0.16173  ,  Loss/l1: 0.01271  ,  Loss/location: 0.23981  ,  pro_loss: 0.13354  ,  IoU: 0.84737
[train: 2, 100 / 625] FPS: 97.1 (476.0)  ,  DataTime: 0.270 (0.006)  ,  ForwardTime: 0.055  ,  TotalTime: 0.330  ,  Loss/total: 0.64339  ,  Loss/giou: 0.15872  ,  Loss/l1: 0.01241  ,  Loss/location: 0.23709  ,  pro_loss: 0.13396  ,  IoU: 0.84955
[train: 2, 150 / 625] FPS: 97.0 (506.9)  ,  DataTime: 0.270 (0.006)  ,  ForwardTime: 0.055  ,  TotalTime: 0.330  ,  Loss/total: 0.64810  ,  Loss/giou: 0.16016  ,  Loss/l1: 0.01266  ,  Loss/location: 0.23651  ,  pro_loss: 0.13979  ,  IoU: 0.84843
[train: 2, 200 / 625] FPS: 99.0 (497.4)  ,  DataTime: 0.263 (0.006)  ,  ForwardTime: 0.055  ,  TotalTime: 0.323  ,  Loss/total: 0.64187  ,  Loss/giou: 0.15852  ,  Loss/l1: 0.01249  ,  Loss/location: 0.23456  ,  pro_loss: 0.13911  ,  IoU: 0.84982
[train: 2, 250 / 625] FPS: 99.1 (498.8)  ,  DataTime: 0.262 (0.006)  ,  ForwardTime: 0.055  ,  TotalTime: 0.323  ,  Loss/total: 0.63641  ,  Loss/giou: 0.15767  ,  Loss/l1: 0.01242  ,  Loss/location: 0.23145  ,  pro_loss: 0.13754  ,  IoU: 0.85049
[train: 2, 300 / 625] FPS: 99.5 (207.3)  ,  DataTime: 0.261 (0.006)  ,  ForwardTime: 0.055  ,  TotalTime: 0.322  ,  Loss/total: 0.63088  ,  Loss/giou: 0.15665  ,  Loss/l1: 0.01229  ,  Loss/location: 0.22860  ,  pro_loss: 0.13760  ,  IoU: 0.85150
[train: 2, 350 / 625] FPS: 99.2 (454.3)  ,  DataTime: 0.262 (0.006)  ,  ForwardTime: 0.055  ,  TotalTime: 0.323  ,  Loss/total: 0.62947  ,  Loss/giou: 0.15671  ,  Loss/l1: 0.01227  ,  Loss/location: 0.22702  ,  pro_loss: 0.13833  ,  IoU: 0.85145
[train: 2, 400 / 625] FPS: 98.9 (501.4)  ,  DataTime: 0.263 (0.006)  ,  ForwardTime: 0.055  ,  TotalTime: 0.323  ,  Loss/total: 0.63098  ,  Loss/giou: 0.15709  ,  Loss/l1: 0.01226  ,  Loss/location: 0.22794  ,  pro_loss: 0.13781  ,  IoU: 0.85102
[train: 2, 450 / 625] FPS: 99.0 (209.9)  ,  DataTime: 0.263 (0.006)  ,  ForwardTime: 0.055  ,  TotalTime: 0.323  ,  Loss/total: 0.63108  ,  Loss/giou: 0.15738  ,  Loss/l1: 0.01230  ,  Loss/location: 0.22724  ,  pro_loss: 0.13798  ,  IoU: 0.85083
[train: 2, 500 / 625] FPS: 99.4 (503.4)  ,  DataTime: 0.262 (0.006)  ,  ForwardTime: 0.055  ,  TotalTime: 0.322  ,  Loss/total: 0.62769  ,  Loss/giou: 0.15674  ,  Loss/l1: 0.01220  ,  Loss/location: 0.22553  ,  pro_loss: 0.13829  ,  IoU: 0.85135
[train: 2, 550 / 625] FPS: 99.0 (28.9)  ,  DataTime: 0.263 (0.006)  ,  ForwardTime: 0.055  ,  TotalTime: 0.323  ,  Loss/total: 0.62617  ,  Loss/giou: 0.15656  ,  Loss/l1: 0.01220  ,  Loss/location: 0.22445  ,  pro_loss: 0.13803  ,  IoU: 0.85157
[train: 2, 600 / 625] FPS: 99.5 (507.6)  ,  DataTime: 0.261 (0.006)  ,  ForwardTime: 0.055  ,  TotalTime: 0.322  ,  Loss/total: 0.62647  ,  Loss/giou: 0.15644  ,  Loss/l1: 0.01217  ,  Loss/location: 0.22514  ,  pro_loss: 0.13791  ,  IoU: 0.85162
[train: 2, 625 / 625] FPS: 99.7 (512.4)  ,  DataTime: 0.261 (0.006)  ,  ForwardTime: 0.055  ,  TotalTime: 0.321  ,  Loss/total: 0.62677  ,  Loss/giou: 0.15657  ,  Loss/l1: 0.01225  ,  Loss/location: 0.22480  ,  pro_loss: 0.13798  ,  IoU: 0.85162
[train: 3, 50 / 625] FPS: 93.3 (515.9)  ,  DataTime: 0.283 (0.006)  ,  ForwardTime: 0.054  ,  TotalTime: 0.343  ,  Loss/total: 0.61009  ,  Loss/giou: 0.15232  ,  Loss/l1: 0.01153  ,  Loss/location: 0.21945  ,  pro_loss: 0.14167  ,  IoU: 0.85438
[train: 3, 100 / 625] FPS: 99.5 (509.0)  ,  DataTime: 0.262 (0.006)  ,  ForwardTime: 0.054  ,  TotalTime: 0.322  ,  Loss/total: 0.60645  ,  Loss/giou: 0.15174  ,  Loss/l1: 0.01154  ,  Loss/location: 0.21733  ,  pro_loss: 0.13979  ,  IoU: 0.85527
[train: 3, 150 / 625] FPS: 97.9 (30.0)  ,  DataTime: 0.267 (0.006)  ,  ForwardTime: 0.054  ,  TotalTime: 0.327  ,  Loss/total: 0.61305  ,  Loss/giou: 0.15425  ,  Loss/l1: 0.01183  ,  Loss/location: 0.21760  ,  pro_loss: 0.13903  ,  IoU: 0.85347
[train: 3, 200 / 625] FPS: 98.9 (72.1)  ,  DataTime: 0.264 (0.006)  ,  ForwardTime: 0.054  ,  TotalTime: 0.324  ,  Loss/total: 0.60784  ,  Loss/giou: 0.15278  ,  Loss/l1: 0.01168  ,  Loss/location: 0.21532  ,  pro_loss: 0.14276  ,  IoU: 0.85472
[train: 3, 250 / 625] FPS: 99.0 (34.1)  ,  DataTime: 0.263 (0.006)  ,  ForwardTime: 0.054  ,  TotalTime: 0.323  ,  Loss/total: 0.61739  ,  Loss/giou: 0.15476  ,  Loss/l1: 0.01209  ,  Loss/location: 0.21850  ,  pro_loss: 0.14446  ,  IoU: 0.85351
[train: 3, 300 / 625] FPS: 100.0 (504.6)  ,  DataTime: 0.260 (0.006)  ,  ForwardTime: 0.054  ,  TotalTime: 0.320  ,  Loss/total: 0.62174  ,  Loss/giou: 0.15523  ,  Loss/l1: 0.01218  ,  Loss/location: 0.22162  ,  pro_loss: 0.14396  ,  IoU: 0.85312
[train: 3, 350 / 625] FPS: 99.4 (29.3)  ,  DataTime: 0.262 (0.006)  ,  ForwardTime: 0.054  ,  TotalTime: 0.322  ,  Loss/total: 0.61520  ,  Loss/giou: 0.15347  ,  Loss/l1: 0.01195  ,  Loss/location: 0.21937  ,  pro_loss: 0.14574  ,  IoU: 0.85458
[train: 3, 400 / 625] FPS: 99.4 (510.2)  ,  DataTime: 0.262 (0.006)  ,  ForwardTime: 0.054  ,  TotalTime: 0.322  ,  Loss/total: 0.61669  ,  Loss/giou: 0.15336  ,  Loss/l1: 0.01194  ,  Loss/location: 0.22132  ,  pro_loss: 0.14479  ,  IoU: 0.85461
[train: 3, 450 / 625] FPS: 99.2 (26.9)  ,  DataTime: 0.263 (0.006)  ,  ForwardTime: 0.054  ,  TotalTime: 0.323  ,  Loss/total: 0.61577  ,  Loss/giou: 0.15314  ,  Loss/l1: 0.01191  ,  Loss/location: 0.22103  ,  pro_loss: 0.14454  ,  IoU: 0.85481
[train: 3, 500 / 625] FPS: 99.6 (509.8)  ,  DataTime: 0.261 (0.006)  ,  ForwardTime: 0.054  ,  TotalTime: 0.321  ,  Loss/total: 0.61481  ,  Loss/giou: 0.15274  ,  Loss/l1: 0.01185  ,  Loss/location: 0.22100  ,  pro_loss: 0.14548  ,  IoU: 0.85517
[train: 3, 550 / 625] FPS: 99.6 (33.6)  ,  DataTime: 0.261 (0.006)  ,  ForwardTime: 0.054  ,  TotalTime: 0.321  ,  Loss/total: 0.61218  ,  Loss/giou: 0.15221  ,  Loss/l1: 0.01178  ,  Loss/location: 0.21975  ,  pro_loss: 0.14551  ,  IoU: 0.85558
[train: 3, 600 / 625] FPS: 99.8 (506.7)  ,  DataTime: 0.260 (0.006)  ,  ForwardTime: 0.054  ,  TotalTime: 0.321  ,  Loss/total: 0.61132  ,  Loss/giou: 0.15209  ,  Loss/l1: 0.01176  ,  Loss/location: 0.21912  ,  pro_loss: 0.14599  ,  IoU: 0.85569
[train: 3, 625 / 625] FPS: 100.4 (518.3)  ,  DataTime: 0.258 (0.006)  ,  ForwardTime: 0.054  ,  TotalTime: 0.319  ,  Loss/total: 0.61286  ,  Loss/giou: 0.15252  ,  Loss/l1: 0.01182  ,  Loss/location: 0.21956  ,  pro_loss: 0.14587  ,  IoU: 0.85532
[train: 4, 50 / 625] FPS: 93.8 (516.3)  ,  DataTime: 0.281 (0.006)  ,  ForwardTime: 0.054  ,  TotalTime: 0.341  ,  Loss/total: 0.59370  ,  Loss/giou: 0.14998  ,  Loss/l1: 0.01150  ,  Loss/location: 0.20703  ,  pro_loss: 0.14604  ,  IoU: 0.85719
[train: 4, 100 / 625] FPS: 99.1 (513.5)  ,  DataTime: 0.263 (0.006)  ,  ForwardTime: 0.054  ,  TotalTime: 0.323  ,  Loss/total: 0.59350  ,  Loss/giou: 0.14880  ,  Loss/l1: 0.01136  ,  Loss/location: 0.20914  ,  pro_loss: 0.14969  ,  IoU: 0.85806
[train: 4, 150 / 625] FPS: 98.6 (499.0)  ,  DataTime: 0.264 (0.006)  ,  ForwardTime: 0.055  ,  TotalTime: 0.324  ,  Loss/total: 0.60843  ,  Loss/giou: 0.15208  ,  Loss/l1: 0.01183  ,  Loss/location: 0.21526  ,  pro_loss: 0.14924  ,  IoU: 0.85543
[train: 4, 200 / 625] FPS: 99.0 (515.1)  ,  DataTime: 0.263 (0.006)  ,  ForwardTime: 0.055  ,  TotalTime: 0.323  ,  Loss/total: 0.60499  ,  Loss/giou: 0.15093  ,  Loss/l1: 0.01159  ,  Loss/location: 0.21547  ,  pro_loss: 0.14849  ,  IoU: 0.85628
[train: 4, 250 / 625] FPS: 99.3 (508.9)  ,  DataTime: 0.262 (0.006)  ,  ForwardTime: 0.054  ,  TotalTime: 0.322  ,  Loss/total: 0.60138  ,  Loss/giou: 0.15024  ,  Loss/l1: 0.01151  ,  Loss/location: 0.21360  ,  pro_loss: 0.14883  ,  IoU: 0.85684
[train: 4, 300 / 625] FPS: 99.2 (504.6)  ,  DataTime: 0.262 (0.006)  ,  ForwardTime: 0.054  ,  TotalTime: 0.322  ,  Loss/total: 0.60737  ,  Loss/giou: 0.15150  ,  Loss/l1: 0.01167  ,  Loss/location: 0.21607  ,  pro_loss: 0.14969  ,  IoU: 0.85577
[train: 4, 350 / 625] FPS: 99.5 (503.7)  ,  DataTime: 0.261 (0.006)  ,  ForwardTime: 0.054  ,  TotalTime: 0.322  ,  Loss/total: 0.61091  ,  Loss/giou: 0.15260  ,  Loss/l1: 0.01179  ,  Loss/location: 0.21696  ,  pro_loss: 0.14899  ,  IoU: 0.85486
[train: 4, 400 / 625] FPS: 99.6 (500.7)  ,  DataTime: 0.261 (0.006)  ,  ForwardTime: 0.054  ,  TotalTime: 0.321  ,  Loss/total: 0.61275  ,  Loss/giou: 0.15313  ,  Loss/l1: 0.01185  ,  Loss/location: 0.21764  ,  pro_loss: 0.14807  ,  IoU: 0.85446
[train: 4, 450 / 625] FPS: 99.6 (508.7)  ,  DataTime: 0.261 (0.006)  ,  ForwardTime: 0.055  ,  TotalTime: 0.321  ,  Loss/total: 0.61075  ,  Loss/giou: 0.15248  ,  Loss/l1: 0.01177  ,  Loss/location: 0.21748  ,  pro_loss: 0.14731  ,  IoU: 0.85501
[train: 4, 500 / 625] FPS: 99.6 (503.5)  ,  DataTime: 0.261 (0.006)  ,  ForwardTime: 0.055  ,  TotalTime: 0.321  ,  Loss/total: 0.61075  ,  Loss/giou: 0.15248  ,  Loss/l1: 0.01176  ,  Loss/location: 0.21762  ,  pro_loss: 0.14679  ,  IoU: 0.85502
[train: 4, 550 / 625] FPS: 99.8 (497.7)  ,  DataTime: 0.260 (0.006)  ,  ForwardTime: 0.055  ,  TotalTime: 0.321  ,  Loss/total: 0.61058  ,  Loss/giou: 0.15234  ,  Loss/l1: 0.01173  ,  Loss/location: 0.21796  ,  pro_loss: 0.14636  ,  IoU: 0.85513
[train: 4, 600 / 625] FPS: 99.8 (509.3)  ,  DataTime: 0.260 (0.006)  ,  ForwardTime: 0.055  ,  TotalTime: 0.320  ,  Loss/total: 0.61124  ,  Loss/giou: 0.15263  ,  Loss/l1: 0.01176  ,  Loss/location: 0.21786  ,  pro_loss: 0.14656  ,  IoU: 0.85499
[train: 4, 625 / 625] FPS: 100.4 (502.5)  ,  DataTime: 0.258 (0.006)  ,  ForwardTime: 0.055  ,  TotalTime: 0.319  ,  Loss/total: 0.61089  ,  Loss/giou: 0.15264  ,  Loss/l1: 0.01177  ,  Loss/location: 0.21748  ,  pro_loss: 0.14635  ,  IoU: 0.85502
[train: 5, 50 / 625] FPS: 93.6 (125.4)  ,  DataTime: 0.282 (0.006)  ,  ForwardTime: 0.054  ,  TotalTime: 0.342  ,  Loss/total: 0.59276  ,  Loss/giou: 0.14789  ,  Loss/l1: 0.01139  ,  Loss/location: 0.21115  ,  pro_loss: 0.14438  ,  IoU: 0.85957
[train: 5, 100 / 625] FPS: 97.9 (495.6)  ,  DataTime: 0.267 (0.006)  ,  ForwardTime: 0.055  ,  TotalTime: 0.327  ,  Loss/total: 0.59254  ,  Loss/giou: 0.14889  ,  Loss/l1: 0.01133  ,  Loss/location: 0.20933  ,  pro_loss: 0.14385  ,  IoU: 0.85886
[train: 5, 150 / 625] FPS: 97.5 (491.0)  ,  DataTime: 0.268 (0.006)  ,  ForwardTime: 0.055  ,  TotalTime: 0.328  ,  Loss/total: 0.59923  ,  Loss/giou: 0.14984  ,  Loss/l1: 0.01152  ,  Loss/location: 0.21306  ,  pro_loss: 0.14452  ,  IoU: 0.85811
[train: 5, 200 / 625] FPS: 97.3 (29.2)  ,  DataTime: 0.269 (0.006)  ,  ForwardTime: 0.055  ,  TotalTime: 0.329  ,  Loss/total: 0.60222  ,  Loss/giou: 0.15147  ,  Loss/l1: 0.01176  ,  Loss/location: 0.21175  ,  pro_loss: 0.14360  ,  IoU: 0.85673
[train: 5, 250 / 625] FPS: 98.6 (509.2)  ,  DataTime: 0.264 (0.006)  ,  ForwardTime: 0.055  ,  TotalTime: 0.325  ,  Loss/total: 0.59932  ,  Loss/giou: 0.15099  ,  Loss/l1: 0.01172  ,  Loss/location: 0.21029  ,  pro_loss: 0.14225  ,  IoU: 0.85710
[train: 5, 300 / 625] FPS: 99.1 (261.6)  ,  DataTime: 0.263 (0.006)  ,  ForwardTime: 0.055  ,  TotalTime: 0.323  ,  Loss/total: 0.59926  ,  Loss/giou: 0.15088  ,  Loss/l1: 0.01175  ,  Loss/location: 0.21021  ,  pro_loss: 0.14268  ,  IoU: 0.85720
[train: 5, 350 / 625] FPS: 98.7 (509.9)  ,  DataTime: 0.264 (0.006)  ,  ForwardTime: 0.055  ,  TotalTime: 0.324  ,  Loss/total: 0.59887  ,  Loss/giou: 0.15062  ,  Loss/l1: 0.01174  ,  Loss/location: 0.21029  ,  pro_loss: 0.14319  ,  IoU: 0.85742
[train: 5, 400 / 625] FPS: 99.2 (504.5)  ,  DataTime: 0.262 (0.006)  ,  ForwardTime: 0.055  ,  TotalTime: 0.322  ,  Loss/total: 0.60313  ,  Loss/giou: 0.15192  ,  Loss/l1: 0.01186  ,  Loss/location: 0.21138  ,  pro_loss: 0.14295  ,  IoU: 0.85623
[train: 5, 450 / 625] FPS: 99.2 (508.4)  ,  DataTime: 0.262 (0.006)  ,  ForwardTime: 0.055  ,  TotalTime: 0.323  ,  Loss/total: 0.60464  ,  Loss/giou: 0.15195  ,  Loss/l1: 0.01186  ,  Loss/location: 0.21278  ,  pro_loss: 0.14331  ,  IoU: 0.85620
[train: 5, 500 / 625] FPS: 99.8 (101.6)  ,  DataTime: 0.260 (0.006)  ,  ForwardTime: 0.055  ,  TotalTime: 0.321  ,  Loss/total: 0.60375  ,  Loss/giou: 0.15165  ,  Loss/l1: 0.01183  ,  Loss/location: 0.21254  ,  pro_loss: 0.14386  ,  IoU: 0.85649
[train: 5, 550 / 625] FPS: 99.9 (494.9)  ,  DataTime: 0.260 (0.006)  ,  ForwardTime: 0.055  ,  TotalTime: 0.320  ,  Loss/total: 0.60341  ,  Loss/giou: 0.15157  ,  Loss/l1: 0.01180  ,  Loss/location: 0.21248  ,  pro_loss: 0.14390  ,  IoU: 0.85655
[train: 5, 600 / 625] FPS: 100.0 (498.6)  ,  DataTime: 0.260 (0.006)  ,  ForwardTime: 0.055  ,  TotalTime: 0.320  ,  Loss/total: 0.60393  ,  Loss/giou: 0.15172  ,  Loss/l1: 0.01183  ,  Loss/location: 0.21265  ,  pro_loss: 0.14340  ,  IoU: 0.85640
[train: 5, 625 / 625] FPS: 100.3 (325.2)  ,  DataTime: 0.259 (0.006)  ,  ForwardTime: 0.055  ,  TotalTime: 0.319  ,  Loss/total: 0.60358  ,  Loss/giou: 0.15171  ,  Loss/l1: 0.01182  ,  Loss/location: 0.21238  ,  pro_loss: 0.14327  ,  IoU: 0.85641
